Traceback (most recent call last):
  File "/home/yizhou/Mprojects/VAD/TubeletGraph/TubeletGraph/entity_segmentation/cropformer.py", line 70, in <module>
    from predictor import VisualizationDemo
  File "/home/yizhou/Mprojects/VAD/TubeletGraph/./thirdparty/detectron2/projects/CropFormer/demo_cropformer/predictor.py", line 20, in <module>
    from mask2former.data.dataset_mappers.crop_augmentations import BatchResizeShortestEdge, EntityCrop, EntityCropTransform
  File "/home/yizhou/Mprojects/VAD/TubeletGraph/./thirdparty/detectron2/projects/CropFormer/mask2former/__init__.py", line 3, in <module>
    from . import modeling
  File "/home/yizhou/Mprojects/VAD/TubeletGraph/./thirdparty/detectron2/projects/CropFormer/mask2former/modeling/__init__.py", line 3, in <module>
    from .backbone.hornet import D2HorNet
  File "/home/yizhou/Mprojects/VAD/TubeletGraph/./thirdparty/detectron2/projects/CropFormer/mask2former/modeling/backbone/hornet.py", line 12, in <module>
    from timm.models.layers import trunc_normal_, DropPath
  File "/home/yizhou/miniconda3/envs/tubeletgraph/lib/python3.10/site-packages/timm/models/layers/__init__.py", line 5, in <module>
    from timm.layers.attention_pool2d import AttentionPool2d, RotAttentionPool2d, RotaryEmbedding
ImportError: cannot import name 'RotaryEmbedding' from 'timm.layers.attention_pool2d' (/home/yizhou/miniconda3/envs/tubeletgraph/lib/python3.10/site-packages/timm/layers/attention_pool2d.py)

============================================================
Running: Computing entities (region proposals) (WID=0)
Command: python3 TubeletGraph/entity_segmentation/cropformer.py -c configs/custom_01.yaml -d custom -s 01 --num_workers 1 --wid 0
CUDA_VISIBLE_DEVICES: 0
============================================================
Error: Computing entities (region proposals) (WID=0) failed with return code 1
Error: Worker process failed with exit code 1
Found 1 objects in mask: ['1']
================================================================================
TubeletGraph Quick Demo
================================================================================
Base config:      configs/default.yaml
Input directory:  /home/yizhou/Mprojects/VAD/TubeletGraph/assets/example/01
Input mask:       /home/yizhou/Mprojects/VAD/TubeletGraph/assets/example/000_mask.png
Object IDs:       ['1']
Method:           Ours
FPS:              None
================================================================================
Removing existing link/directory: ./_custom_dataset/JPEGImages/01

============================================================
✓ Single-Video Custom Dataset Created Successfully!
============================================================
  Video name:            01
  Input frame directory: ./_custom_dataset/JPEGImages/01
  Prompt object mask:    ./_custom_dataset/Annotations/01/000.png
  Split file:            ./splits/custom/01.txt
  New Config file:       configs/custom_01.yaml
  Image format:          *.jpg
  Annotation format:     *.png
  FPS:                   30
============================================================


================================================================================
Step: Running TubeletGraph pipeline
Command: python3 TubeletGraph/run.py -c configs/custom_01.yaml -d custom -s 01 -m Ours
================================================================================


❌ Error: Running TubeletGraph pipeline failed with return code 1
